// Jest Snapshot v1, https://goo.gl/fbAQLP

exports[`<App /> should render correctly 1`] = `
<Suspense
  fallback={<BusyIndicator />}
>
  <div
    className="app container-fluid p-0"
  >
    <div
      className="round-square"
    >
      <Layout />
      <Footer />
    </div>
  </div>
</Suspense>
`;
